apiVersion: v1
kind: Namespace
metadata:
  annotations: {}
  labels:
    name: syn-resource-locker
  name: syn-resource-locker
