apiVersion: v1
kind: ServiceAccount
metadata:
  annotations:
    resourcelocker.syn.tools/target-namespace: foo
    resourcelocker.syn.tools/target-object: rbac.authorization.k8s.io.ClusterRoleBinding/test
  labels:
    app.kubernetes.io/managed-by: commodore
    app.kubernetes.io/part-of: resource-locker
    name: foo-test-8c80c57012dfcac-manager
  name: foo-test-8c80c57012dfcac-manager
  namespace: syn-resource-locker
secrets:
  - name: foo-test-8c80c57012dfcac-manager
---
apiVersion: v1
kind: Secret
metadata:
  annotations:
    kubernetes.io/service-account.name: foo-test-8c80c57012dfcac-manager
    resourcelocker.syn.tools/target-namespace: foo
    resourcelocker.syn.tools/target-object: rbac.authorization.k8s.io.ClusterRoleBinding/test
  labels:
    app.kubernetes.io/managed-by: commodore
    app.kubernetes.io/part-of: resource-locker
    name: foo-test-8c80c57012dfcac-manager
  name: foo-test-8c80c57012dfcac-manager
  namespace: syn-resource-locker
type: kubernetes.io/service-account-token
---
apiVersion: rbac.authorization.k8s.io/v1
kind: ClusterRole
metadata:
  annotations:
    resourcelocker.syn.tools/cluster-admin: This resource-locker clusterrole grants
      cluster-admin because it's otherwise impossible to manage clusterrolebindings
      with unknown role references
    resourcelocker.syn.tools/target-namespace: foo
    resourcelocker.syn.tools/target-object: rbac.authorization.k8s.io.ClusterRoleBinding/test
  labels:
    app.kubernetes.io/managed-by: commodore
    app.kubernetes.io/part-of: resource-locker
    name: syn-resource-locker-foo-test-8c80c57012dfcac-manager
  name: syn-resource-locker-foo-test-8c80c57012dfcac-manager
rules:
  - apiGroups:
      - '*'
    resources:
      - '*'
    verbs:
      - '*'
---
apiVersion: rbac.authorization.k8s.io/v1
kind: ClusterRoleBinding
metadata:
  annotations:
    resourcelocker.syn.tools/target-namespace: foo
    resourcelocker.syn.tools/target-object: rbac.authorization.k8s.io.ClusterRoleBinding/test
  labels:
    app.kubernetes.io/managed-by: commodore
    app.kubernetes.io/part-of: resource-locker
    name: syn-resource-locker-foo-test-8c80c57012dfcac-manager
  name: syn-resource-locker-foo-test-8c80c57012dfcac-manager
roleRef:
  apiGroup: rbac.authorization.k8s.io
  kind: ClusterRole
  name: syn-resource-locker-foo-test-8c80c57012dfcac-manager
subjects:
  - kind: ServiceAccount
    name: foo-test-8c80c57012dfcac-manager
    namespace: syn-resource-locker
---
apiVersion: rbac.authorization.k8s.io/v1
kind: Role
metadata:
  annotations:
    resourcelocker.syn.tools/target-namespace: foo
    resourcelocker.syn.tools/target-object: rbac.authorization.k8s.io.ClusterRoleBinding/test
  labels:
    app.kubernetes.io/managed-by: commodore
    app.kubernetes.io/part-of: resource-locker
    name: syn-resource-locker-foo-test-8c80c57012dfcac-manager
  name: syn-resource-locker-foo-test-8c80c57012dfcac-manager
  namespace: foo
rules:
  - apiGroups:
      - rbac.authorization.k8s.io
    resources:
      - clusterrolebindings
    verbs:
      - get
      - patch
---
apiVersion: rbac.authorization.k8s.io/v1
kind: RoleBinding
metadata:
  annotations:
    resourcelocker.syn.tools/target-namespace: foo
    resourcelocker.syn.tools/target-object: rbac.authorization.k8s.io.ClusterRoleBinding/test
  labels:
    app.kubernetes.io/managed-by: commodore
    app.kubernetes.io/part-of: resource-locker
    name: syn-resource-locker-foo-test-8c80c57012dfcac-manager
  name: syn-resource-locker-foo-test-8c80c57012dfcac-manager
  namespace: foo
roleRef:
  apiGroup: rbac.authorization.k8s.io
  kind: Role
  name: syn-resource-locker-foo-test-8c80c57012dfcac-manager
subjects:
  - kind: ServiceAccount
    name: foo-test-8c80c57012dfcac-manager
    namespace: syn-resource-locker
---
apiVersion: redhatcop.redhat.io/v1alpha1
kind: ResourceLocker
metadata:
  annotations:
    argocd.argoproj.io/sync-options: SkipDryRunOnMissingResource=true
  labels:
    name: foo-test-8c80c57012dfcac
  name: foo-test-8c80c57012dfcac
  namespace: syn-resource-locker
spec:
  patches:
    - id: patch1
      patchTemplate: "\"metadata\":\n  \"annotations\":\n    \"patched\": \"\""
      patchType: application/strategic-merge-patch+json
      targetObjectRef:
        apiVersion: rbac.authorization.k8s.io/v1
        kind: ClusterRoleBinding
        name: test
        namespace: foo
  serviceAccountRef:
    name: foo-test-8c80c57012dfcac-manager
