apiVersion: v1
kind: ServiceAccount
metadata:
  annotations:
    resourcelocker.syn.tools/target-namespace: foo
    resourcelocker.syn.tools/target-object: apps.Deployment/test
  labels:
    app.kubernetes.io/managed-by: commodore
    app.kubernetes.io/part-of: resource-locker
    name: foo-test-6e4cb03e339fd56-manager
  name: foo-test-6e4cb03e339fd56-manager
  namespace: syn-resource-locker
secrets:
  - name: foo-test-6e4cb03e339fd56-manager
---
apiVersion: v1
kind: Secret
metadata:
  annotations:
    kubernetes.io/service-account.name: foo-test-6e4cb03e339fd56-manager
    resourcelocker.syn.tools/target-namespace: foo
    resourcelocker.syn.tools/target-object: apps.Deployment/test
  labels:
    app.kubernetes.io/managed-by: commodore
    app.kubernetes.io/part-of: resource-locker
    name: foo-test-6e4cb03e339fd56-manager
  name: foo-test-6e4cb03e339fd56-manager
  namespace: syn-resource-locker
type: kubernetes.io/service-account-token
---
apiVersion: rbac.authorization.k8s.io/v1
kind: ClusterRole
metadata:
  annotations:
    resourcelocker.syn.tools/target-namespace: foo
    resourcelocker.syn.tools/target-object: apps.Deployment/test
  labels:
    app.kubernetes.io/managed-by: commodore
    app.kubernetes.io/part-of: resource-locker
    name: syn-resource-locker-foo-test-6e4cb03e339fd56-manager
  name: syn-resource-locker-foo-test-6e4cb03e339fd56-manager
rules:
  - apiGroups:
      - apps
    resources:
      - deployments
    verbs:
      - list
      - watch
---
apiVersion: rbac.authorization.k8s.io/v1
kind: ClusterRoleBinding
metadata:
  annotations:
    resourcelocker.syn.tools/target-namespace: foo
    resourcelocker.syn.tools/target-object: apps.Deployment/test
  labels:
    app.kubernetes.io/managed-by: commodore
    app.kubernetes.io/part-of: resource-locker
    name: syn-resource-locker-foo-test-6e4cb03e339fd56-manager
  name: syn-resource-locker-foo-test-6e4cb03e339fd56-manager
roleRef:
  apiGroup: rbac.authorization.k8s.io
  kind: ClusterRole
  name: syn-resource-locker-foo-test-6e4cb03e339fd56-manager
subjects:
  - kind: ServiceAccount
    name: foo-test-6e4cb03e339fd56-manager
    namespace: syn-resource-locker
---
apiVersion: rbac.authorization.k8s.io/v1
kind: Role
metadata:
  annotations:
    resourcelocker.syn.tools/target-namespace: foo
    resourcelocker.syn.tools/target-object: apps.Deployment/test
  labels:
    app.kubernetes.io/managed-by: commodore
    app.kubernetes.io/part-of: resource-locker
    name: syn-resource-locker-foo-test-6e4cb03e339fd56-manager
  name: syn-resource-locker-foo-test-6e4cb03e339fd56-manager
  namespace: foo
rules:
  - apiGroups:
      - apps
    resources:
      - deployments
    verbs:
      - get
      - patch
---
apiVersion: rbac.authorization.k8s.io/v1
kind: RoleBinding
metadata:
  annotations:
    resourcelocker.syn.tools/target-namespace: foo
    resourcelocker.syn.tools/target-object: apps.Deployment/test
  labels:
    app.kubernetes.io/managed-by: commodore
    app.kubernetes.io/part-of: resource-locker
    name: syn-resource-locker-foo-test-6e4cb03e339fd56-manager
  name: syn-resource-locker-foo-test-6e4cb03e339fd56-manager
  namespace: foo
roleRef:
  apiGroup: rbac.authorization.k8s.io
  kind: Role
  name: syn-resource-locker-foo-test-6e4cb03e339fd56-manager
subjects:
  - kind: ServiceAccount
    name: foo-test-6e4cb03e339fd56-manager
    namespace: syn-resource-locker
---
apiVersion: redhatcop.redhat.io/v1alpha1
kind: ResourceLocker
metadata:
  annotations:
    argocd.argoproj.io/sync-options: SkipDryRunOnMissingResource=true
  labels:
    name: foo-test-6e4cb03e339fd56
  name: foo-test-6e4cb03e339fd56
  namespace: syn-resource-locker
spec:
  patches:
    - id: patch1
      patchTemplate: "\"spec\":\n  \"replicas\": 5"
      patchType: application/strategic-merge-patch+json
      targetObjectRef:
        apiVersion: apps/v1
        kind: Deployment
        name: test
        namespace: foo
  serviceAccountRef:
    name: foo-test-6e4cb03e339fd56-manager
