apiVersion: v1
kind: ServiceAccount
metadata:
  annotations:
    resourcelocker.syn.tools/target-object: rbac.authorization.k8s.io.ClusterRoleBinding/system:build-strategy-docker-binding
  labels:
    app.kubernetes.io/managed-by: commodore
    app.kubernetes.io/part-of: resource-locker
    name: clusterrolebinding-system-build-775295b1777a143-manager
  name: clusterrolebinding-system-build-775295b1777a143-manager
  namespace: syn-resource-locker
secrets:
  - name: clusterrolebinding-system-build-775295b1777a143-manager
---
apiVersion: v1
kind: Secret
metadata:
  annotations:
    kubernetes.io/service-account.name: clusterrolebinding-system-build-775295b1777a143-manager
    resourcelocker.syn.tools/target-object: rbac.authorization.k8s.io.ClusterRoleBinding/system:build-strategy-docker-binding
  labels:
    app.kubernetes.io/managed-by: commodore
    app.kubernetes.io/part-of: resource-locker
    name: clusterrolebinding-system-build-775295b1777a143-manager
  name: clusterrolebinding-system-build-775295b1777a143-manager
  namespace: syn-resource-locker
type: kubernetes.io/service-account-token
---
apiVersion: rbac.authorization.k8s.io/v1
kind: ClusterRole
metadata:
  annotations:
    resourcelocker.syn.tools/target-object: rbac.authorization.k8s.io.ClusterRoleBinding/system:build-strategy-docker-binding
  labels:
    app.kubernetes.io/managed-by: commodore
    app.kubernetes.io/part-of: resource-locker
    name: syn-resource-locker-inding-system-build-775295b1777a143-manager
  name: syn-resource-locker-inding-system-build-775295b1777a143-manager
rules:
  - apiGroups:
      - rbac.authorization.k8s.io
    resources:
      - clusterrolebindings
    verbs:
      - get
      - list
      - patch
      - watch
---
apiVersion: rbac.authorization.k8s.io/v1
kind: ClusterRoleBinding
metadata:
  annotations:
    resourcelocker.syn.tools/target-object: rbac.authorization.k8s.io.ClusterRoleBinding/system:build-strategy-docker-binding
  labels:
    app.kubernetes.io/managed-by: commodore
    app.kubernetes.io/part-of: resource-locker
    name: syn-resource-locker-inding-system-build-775295b1777a143-manager
  name: syn-resource-locker-inding-system-build-775295b1777a143-manager
roleRef:
  apiGroup: rbac.authorization.k8s.io
  kind: ClusterRole
  name: syn-resource-locker-inding-system-build-775295b1777a143-manager
subjects:
  - kind: ServiceAccount
    name: clusterrolebinding-system-build-775295b1777a143-manager
    namespace: syn-resource-locker
---
apiVersion: redhatcop.redhat.io/v1alpha1
kind: ResourceLocker
metadata:
  annotations:
    argocd.argoproj.io/sync-options: SkipDryRunOnMissingResource=true
  labels:
    name: clusterrolebinding-system-build-775295b1777a143
  name: clusterrolebinding-system-build-775295b1777a143
  namespace: syn-resource-locker
spec:
  patches:
    - id: patch1
      patchTemplate: "\"annotations\":\n  \"rbac.authorization.kubernetes.io/autoupdate\"\
        : \"false\""
      patchType: application/strategic-merge-patch+json
      targetObjectRef:
        apiVersion: rbac.authorization.k8s.io/v1
        kind: ClusterRoleBinding
        name: system:build-strategy-docker-binding
  serviceAccountRef:
    name: clusterrolebinding-system-build-775295b1777a143-manager
