apiVersion: v1
kind: Namespace
metadata:
  annotations: {}
  labels:
    name: syn-resource-locker
    openshift.io/user-monitoring: 'false'
  name: syn-resource-locker
